[www.myfamilyclinics.com/index.html]
[assets.zyrosite.com/cdn-cgi/image/format=auto,w=32,h=32,fit=crop,f=png/_SITE-ASSETS/AwvvXODQbRuPooMZ/favicon.0cf13.delayed]
[backblue.gif]
[fade.gif]
[index.html]
[userapp.zyrosite.com/1681220106/assets/js/index-ade9b872.js]
[userapp.zyrosite.com/1681220106/assets/css/index-88c8cfb7.css]
[assets.zyrosite.com/cdn-cgi/image/format=auto,w=325.5,fit=crop/AwvvXODQbRuPooMZ/new-logo-MFC-nov.-onwards-YZ99z6oWe2ckE2Nj.jpg]
[www.myfamilyclinics.com/my-family-clinics-services.html]
[www.myfamilyclinics.com/hindi.html]
[www.myfamilyclinics.com/my-eye-clinic.html]
[www.myfamilyclinics.com/childs-eye-clinic.html]
[www.myfamilyclinics.com/comprehensive-eye-health-checkup.html]
[www.myfamilyclinics.com/eye-diagnostics-center.html]
[www.myfamilyclinics.com/eye-lid-clinic.html]
[www.myfamilyclinics.com/eye-surgical-center.html]
[www.myfamilyclinics.com/glaucoma-clinic.html]
[www.myfamilyclinics.com/optician.html]
[www.myfamilyclinics.com/retina-clinic.html]
[www.myfamilyclinics.com/squint-and-orthoptics-clinic.html]
[www.myfamilyclinics.com/uvea-clinic.html]
[www.myfamilyclinics.com/-my-eye-clinic-hindi.html]
[www.myfamilyclinics.com/my-physicians-clinic.html]
[www.myfamilyclinics.com/my-hypertension-bp-ht-clinic.html]
[www.myfamilyclinics.com/my-diabetes-sugar-clinic.html]
[www.myfamilyclinics.com/my-vaccination-center.html]
[www.myfamilyclinics.com/home-visits-healing-at-home.html]
[www.myfamilyclinics.com/my-dental-clinic.html]
[www.myfamilyclinics.com/my-homeopathy-clinic.html]
[www.myfamilyclinics.com/my-psychologist.html]
[www.myfamilyclinics.com/careers.html]
[assets.zyrosite.com/cdn-cgi/image/format=auto,w=147,h=90,fit=crop/AwvvXODQbRuPooMZ/eye-mP44EQrgGDtV1gBn.png]
[assets.zyrosite.com/cdn-cgi/image/format=auto,w=201,h=121,fit=crop/AwvvXODQbRuPooMZ/eye-mP44EQrgGDtV1gBn.png]
[assets.zyrosite.com/cdn-cgi/image/format=auto,w=150,h=112,fit=crop/AwvvXODQbRuPooMZ/img-dOqq5y0ql4cM6x1l.jpg]
[assets.zyrosite.com/cdn-cgi/image/format=auto,w=382,h=149,fit=crop/AwvvXODQbRuPooMZ/img-dOqq5y0ql4cM6x1l.jpg]
[assets.zyrosite.com/cdn-cgi/image/format=auto,w=288,h=112,fit=crop/AwvvXODQbRuPooMZ/Retinal-Diseases-YZ99wb3a68ibvay8.jpg]
[assets.zyrosite.com/cdn-cgi/image/format=auto,w=382,h=149,fit=crop/AwvvXODQbRuPooMZ/Retinal-Diseases-YZ99wb3a68ibvay8.jpg]
[assets.zyrosite.com/cdn-cgi/image/format=auto,w=191,h=119,fit=crop/AwvvXODQbRuPooMZ/diabetes-test-AE00Z4WNLLTaGVoO.png]
[assets.zyrosite.com/cdn-cgi/image/format=auto,w=250,h=150,fit=crop/AwvvXODQbRuPooMZ/diabetes-test-AE00Z4WNLLTaGVoO.png]
[assets.zyrosite.com/cdn-cgi/image/format=auto,w=288,h=112,fit=crop/AwvvXODQbRuPooMZ/diagnosis-m2WWzQajJxc93jKw.png]
[assets.zyrosite.com/cdn-cgi/image/format=auto,w=185,h=165,fit=crop/AwvvXODQbRuPooMZ/diagnosis-m2WWzQajJxc93jKw.png]
[www.myfamilyclinics.com/my-family-clinics]
[assets.zyrosite.com/cdn-cgi/image/format=auto,w=288,h=112,fit=crop/AwvvXODQbRuPooMZ/img-Y4LLNVV1yRSyKXMZ.jpg]
[assets.zyrosite.com/cdn-cgi/image/format=auto,w=188,h=115,fit=crop/AwvvXODQbRuPooMZ/img-Y4LLNVV1yRSyKXMZ.jpg]
[assets.zyrosite.com/cdn-cgi/image/format=auto,w=114,h=106,fit=crop/AwvvXODQbRuPooMZ/root-canal-YrDDpNo0w7u4lV8R.png]
[assets.zyrosite.com/cdn-cgi/image/format=auto,w=197,h=172,fit=crop/AwvvXODQbRuPooMZ/root-canal-YrDDpNo0w7u4lV8R.png]
[assets.zyrosite.com/cdn-cgi/image/format=auto,w=119,h=120,fit=crop/AwvvXODQbRuPooMZ/tooth-filling-YbNNp9MOrQFn7p6y.png]
[assets.zyrosite.com/cdn-cgi/image/format=auto,w=185,h=167,fit=crop/AwvvXODQbRuPooMZ/tooth-filling-YbNNp9MOrQFn7p6y.png]
[assets.zyrosite.com/cdn-cgi/image/format=auto,w=169,h=66,fit=crop/AwvvXODQbRuPooMZ/denture-ALppxowwbqcjNJVv.png]
[assets.zyrosite.com/cdn-cgi/image/format=auto,w=170,h=149,fit=crop/AwvvXODQbRuPooMZ/denture-ALppxowwbqcjNJVv.png]
[assets.zyrosite.com/cdn-cgi/image/format=auto,w=185,h=105,fit=crop/AwvvXODQbRuPooMZ/Doctor-for-Family-Needs-m6LLWwljxbFoZgrz.jpg]
[assets.zyrosite.com/cdn-cgi/image/format=auto,w=185,h=149,fit=crop/AwvvXODQbRuPooMZ/Doctor-for-Family-Needs-m6LLWwljxbFoZgrz.jpg]
[assets.zyrosite.com/cdn-cgi/image/format=auto,w=288,h=112,fit=crop/AwvvXODQbRuPooMZ/img-YX44JyyM5KTyPGbQ.jpg]
[assets.zyrosite.com/cdn-cgi/image/format=auto,w=188,h=149,fit=crop/AwvvXODQbRuPooMZ/img-YX44JyyM5KTyPGbQ.jpg]
[assets.zyrosite.com/cdn-cgi/image/format=auto,w=288,h=112,fit=crop/AwvvXODQbRuPooMZ/img-AE00ZoZB47SDRGBv.jpg]
[assets.zyrosite.com/cdn-cgi/image/format=auto,w=191,h=176,fit=crop/AwvvXODQbRuPooMZ/img-AE00ZoZB47SDRGBv.jpg]
[www.myfamilyclinics.com/index.html]
[assets.zyrosite.com/cdn-cgi/image/format=auto,w=32,h=32,fit=crop,f=png/_SITE-ASSETS/AwvvXODQbRuPooMZ/faviconcf13.jpg]
[userapp.zyrosite.com/1681220106/assets/css/index-88c8cfb7.css]
[assets.zyrosite.com/AwvvXODQbRuPooMZ/MFC-AzGGpo0gPyH599jL.gif]
[assets.zyrosite.com/AwvvXODQbRuPooMZ/eye-gif-YX44JvKgzBh0wr2a.gif]
[assets.zyrosite.com/AwvvXODQbRuPooMZ/dental-YX44kj3l0vt04Lll.gif]
[assets.zyrosite.com/AwvvXODQbRuPooMZ/physician-gif-AzGGp2vQrotq2962.gif]
[assets.zyrosite.com/cdn-cgi/image/format=auto,w=204,h=192,fit=crop/AwvvXODQbRuPooMZ/dr-visit-mp88py0aVLiXV5Xz.jpg]
[assets.zyrosite.com/cdn-cgi/image/format=auto,w=382,h=360,fit=crop/AwvvXODQbRuPooMZ/dr-visit-mp88py0aVLiXV5Xz.jpg]
[assets.zyrosite.com/cdn-cgi/image/format=auto,w=204,h=192,fit=crop/AwvvXODQbRuPooMZ/img-YX44JyyM5KTyPGbQ.jpg]
[assets.zyrosite.com/cdn-cgi/image/format=auto,w=382,h=360,fit=crop/AwvvXODQbRuPooMZ/img-YX44JyyM5KTyPGbQ.jpg]
[assets.zyrosite.com/AwvvXODQbRuPooMZ/flu-dOqq5RLlBjc00rJ2.gif]
[www.myfamilyclinics.com/my-family-clinics-services.html]
[assets.zyrosite.com/cdn-cgi/image/format=auto,w=288,h=112,fit=crop/AwvvXODQbRuPooMZ/eye-mP44EQrgGDtV1gBn.png]
[assets.zyrosite.com/cdn-cgi/image/format=auto,w=382,h=149,fit=crop/AwvvXODQbRuPooMZ/eye-mP44EQrgGDtV1gBn.png]
[assets.zyrosite.com/cdn-cgi/image/format=auto,w=288,h=112,fit=crop/AwvvXODQbRuPooMZ/img-dOqq5y0ql4cM6x1l.jpg]
[assets.zyrosite.com/cdn-cgi/image/format=auto,w=288,h=112,fit=crop/AwvvXODQbRuPooMZ/diabetes-test-AE00Z4WNLLTaGVoO.png]
[assets.zyrosite.com/cdn-cgi/image/format=auto,w=382,h=149,fit=crop/AwvvXODQbRuPooMZ/diabetes-test-AE00Z4WNLLTaGVoO.png]
[assets.zyrosite.com/cdn-cgi/image/format=auto,w=382,h=149,fit=crop/AwvvXODQbRuPooMZ/diagnosis-m2WWzQajJxc93jKw.png]
[assets.zyrosite.com/cdn-cgi/image/format=auto,w=382,h=149,fit=crop/AwvvXODQbRuPooMZ/img-Y4LLNVV1yRSyKXMZ.jpg]
[assets.zyrosite.com/cdn-cgi/image/format=auto,w=288,h=112,fit=crop/AwvvXODQbRuPooMZ/root-canal-YrDDpNo0w7u4lV8R.png]
[assets.zyrosite.com/cdn-cgi/image/format=auto,w=382,h=149,fit=crop/AwvvXODQbRuPooMZ/root-canal-YrDDpNo0w7u4lV8R.png]
[assets.zyrosite.com/cdn-cgi/image/format=auto,w=288,h=112,fit=crop/AwvvXODQbRuPooMZ/tooth-filling-YbNNp9MOrQFn7p6y.png]
[assets.zyrosite.com/cdn-cgi/image/format=auto,w=382,h=149,fit=crop/AwvvXODQbRuPooMZ/tooth-filling-YbNNp9MOrQFn7p6y.png]
[assets.zyrosite.com/cdn-cgi/image/format=auto,w=288,h=112,fit=crop/AwvvXODQbRuPooMZ/denture-ALppxowwbqcjNJVv.png]
[assets.zyrosite.com/cdn-cgi/image/format=auto,w=382,h=149,fit=crop/AwvvXODQbRuPooMZ/denture-ALppxowwbqcjNJVv.png]
[assets.zyrosite.com/cdn-cgi/image/format=auto,w=288,h=112,fit=crop/AwvvXODQbRuPooMZ/Doctor-for-Family-Needs-m6LLWwljxbFoZgrz.jpg]
[assets.zyrosite.com/cdn-cgi/image/format=auto,w=382,h=149,fit=crop/AwvvXODQbRuPooMZ/Doctor-for-Family-Needs-m6LLWwljxbFoZgrz.jpg]
[assets.zyrosite.com/cdn-cgi/image/format=auto,w=382,h=149,fit=crop/AwvvXODQbRuPooMZ/img-YX44JyyM5KTyPGbQ.jpg]
[assets.zyrosite.com/cdn-cgi/image/format=auto,w=382,h=149,fit=crop/AwvvXODQbRuPooMZ/img-AE00ZoZB47SDRGBv.jpg]
[www.myfamilyclinics.com/hindi.html]
[assets.zyrosite.com/cdn-cgi/image/format=auto,w=184,h=184,fit=crop/AwvvXODQbRuPooMZ/Patient_and_tonometer-mePP5E53MJTEV9l7.jpg]
[assets.zyrosite.com/cdn-cgi/image/format=auto,w=382,h=365,fit=crop/AwvvXODQbRuPooMZ/Patient_and_tonometer-mePP5E53MJTEV9l7.jpg]
[assets.zyrosite.com/cdn-cgi/image/format=auto,w=184,h=184,fit=crop/AwvvXODQbRuPooMZ/External_hordeolum-YNqqNzG6N9c6M4ZN.jpg]
[assets.zyrosite.com/cdn-cgi/image/format=auto,w=184,h=180,fit=crop/AwvvXODQbRuPooMZ/little-girl-checking-up-her-sight-ophthalmology-center-AQEE8]
[assets.zyrosite.com/cdn-cgi/image/format=auto,w=184,h=180,fit=crop/AwvvXODQbRuPooMZ/vaibhav-Diabetic-retinopathy-infographic-YbNNngEvMPsVzy93.52]
[assets.zyrosite.com/cdn-cgi/image/format=auto,w=382,h=365,fit=crop/AwvvXODQbRuPooMZ/little-girl-checking-up-her-sight-ophthalmology-center-AQEE8]
[assets.zyrosite.com/cdn-cgi/image/format=auto,w=382,h=365,fit=crop/AwvvXODQbRuPooMZ/External_hordeolum-YNqqNzG6N9c6M4ZN.jpg]
[assets.zyrosite.com/cdn-cgi/image/format=auto,w=382,h=365,fit=crop/AwvvXODQbRuPooMZ/vaibhav-Diabetic-retinopathy-infographic-YbNNngEvMPsVzy93.53]
[assets.zyrosite.com/cdn-cgi/image/format=auto,w=184,h=184,fit=crop/AwvvXODQbRuPooMZ/vaibhav-Diabetic-retinopathy-infographic-YbNNngEvMPsVzy93.54]
[assets.zyrosite.com/AwvvXODQbRuPooMZ/img-m6LL8jNbqKuBGnZ3.gif]
[assets.zyrosite.com/cdn-cgi/image/format=auto,w=184,h=116,fit=crop/AwvvXODQbRuPooMZ/OCT-VFA-mePP5EX46BUOXVEG.jpg]
[assets.zyrosite.com/cdn-cgi/image/format=auto,w=382,h=233,fit=crop/AwvvXODQbRuPooMZ/OCT-VFA-mePP5EX46BUOXVEG.jpg]
[assets.zyrosite.com/cdn-cgi/image/format=auto,w=184,h=180,fit=crop/AwvvXODQbRuPooMZ/strabismus-YbNNnLGNGaHDEWrJ.jpg]
[assets.zyrosite.com/cdn-cgi/image/format=auto,w=382,h=365,fit=crop/AwvvXODQbRuPooMZ/strabismus-YbNNnLGNGaHDEWrJ.jpg]
[assets.zyrosite.com/cdn-cgi/image/format=auto,w=184,h=180,fit=crop/AwvvXODQbRuPooMZ/img-mxBBjbG34rs5Kayw.jpg]
[assets.zyrosite.com/cdn-cgi/image/format=auto,w=382,h=365,fit=crop/AwvvXODQbRuPooMZ/img-mxBBjbG34rs5Kayw.jpg]
[www.myfamilyclinics.com/my-eye-clinic.html]
[assets.zyrosite.com/cdn-cgi/image/format=auto,w=600,h=690,fit=crop/AwvvXODQbRuPooMZ/White-Black-Eye-Donation-Poster-dWxxz7kM0yikJ66Z.jpg]
[assets.zyrosite.com/cdn-cgi/image/format=auto,w=382,h=438,fit=crop/AwvvXODQbRuPooMZ/White-Black-Eye-Donation-Poster-dWxxz7kM0yikJ66Z.jpg]
[assets.zyrosite.com/cdn-cgi/image/format=auto,w=600,h=368,fit=crop/AwvvXODQbRuPooMZ/img-AwvvBkkZ08Iw2Npw.jpg]
[assets.zyrosite.com/cdn-cgi/image/format=auto,w=382,h=234,fit=crop/AwvvXODQbRuPooMZ/img-AwvvBkkZ08Iw2Npw.jpg]
[www.myfamilyclinics.com/childs-eye-clinic.html]
[assets.zyrosite.com/cdn-cgi/image/format=auto,w=612,h=960,fit=crop/AwvvXODQbRuPooMZ/Comprehensive-Eye-Check-up-YrDD5rkRgbcE2Grg.jpg]
[assets.zyrosite.com/cdn-cgi/image/format=auto,w=382,h=599,fit=crop/AwvvXODQbRuPooMZ/Comprehensive-Eye-Check-up-YrDD5rkRgbcE2Grg.jpg]
[www.myfamilyclinics.com/comprehensive-eye-health-checkup.html]
[assets.zyrosite.com/cdn-cgi/image/format=auto,w=612,h=320,fit=crop/AwvvXODQbRuPooMZ/img-AR00yKQNOxTl358Y.png]
[assets.zyrosite.com/cdn-cgi/image/format=auto,w=382,h=200,fit=crop/AwvvXODQbRuPooMZ/img-AR00yKQNOxTl358Y.png]
[www.myfamilyclinics.com/photo-1436262513933-a0b06755c784.666473.delayed]
[www.myfamilyclinics.com/photo-1509114397022-ed747cca3f656473]
[www.myfamilyclinics.com/photo-1606937493279-1961d60f11646473]
[www.myfamilyclinics.com/eye-diagnostics-center.html]
[assets.zyrosite.com/cdn-cgi/image/format=auto,w=184,h=176,fit=crop/AwvvXODQbRuPooMZ/eye-lid-diseases-mv005BgvwJcZWwJo.jpg]
[assets.zyrosite.com/cdn-cgi/image/format=auto,w=382,h=365,fit=crop/AwvvXODQbRuPooMZ/eye-lid-diseases-mv005BgvwJcZWwJo.jpg]
[assets.zyrosite.com/cdn-cgi/image/format=auto,w=392,h=304,fit=crop/AwvvXODQbRuPooMZ/img-AR00yKQNOxTl358Y.png]
[assets.zyrosite.com/cdn-cgi/image/format=auto,w=382,h=296,fit=crop/AwvvXODQbRuPooMZ/img-AR00yKQNOxTl358Y.png]
[www.myfamilyclinics.com/eye-lid-clinic.html]
[assets.zyrosite.com/cdn-cgi/image/format=auto,w=102,h=128,fit=crop/AwvvXODQbRuPooMZ/eye-surgery-modified-mp88Mv04rlC84e0G.png]
[assets.zyrosite.com/cdn-cgi/image/format=auto,w=382,h=382,fit=crop/AwvvXODQbRuPooMZ/eye-surgery-modified-mp88Mv04rlC84e0G.png]
[www.myfamilyclinics.com/eye-surgical-center.html]
[www.myfamilyclinics.com/glaucoma-clinic.html]
[assets.zyrosite.com/cdn-cgi/image/format=auto,w=704,h=368,fit=crop/AwvvXODQbRuPooMZ/img-AR00yKQNOxTl358Y.png]
[cdn.zyrosite.com/cdn-builder-placeholders/instagram/workstation.jpg]
[assets.zyrosite.com/cdn-cgi/image/format=auto,w=341,h=256,fit=crop/A1aNq3n6wJhb26j3/don-t-let-glaucoma-darken-your-life-AR0e78kE87UDx0e2.6f.dela]
[cdn.zyrosite.com/cdn-builder-placeholders/instagram/waterfall-between-rocks.jpg]
[cdn.zyrosite.com/cdn-builder-placeholders/instagram/trees-with-snow.png]
[cdn.zyrosite.com/cdn-builder-placeholders/instagram/tree-buds.jpg]
[cdn.zyrosite.com/cdn-builder-placeholders/instagram/tiger-drinking-water.jpg]
[www.myfamilyclinics.com/optician.html]
[assets.zyrosite.com/cdn-cgi/image/format=auto,w=382,h=320,fit=crop/A1aNq3n6wJhb26j3/don-t-let-glaucoma-darken-your-life-AR0e78kE87UDx0e2.70.dela]
[assets.zyrosite.com/cdn-cgi/image/format=auto,w=311,h=179,fit=crop/A1aNq3n6wJhb26j3/vision-with-amd-kids-YanaElerRxSJMjJy.png]
[assets.zyrosite.com/cdn-cgi/image/format=auto,w=327,h=181,fit=crop/A1aNq3n6wJhb26j3/retina-with-subretinal-structures-A0xbz6l1KkhL5BWv.77.delaye]
[assets.zyrosite.com/cdn-cgi/image/format=auto,w=382,h=240,fit=crop/A1aNq3n6wJhb26j3/vision-with-amd-kids-YanaElerRxSJMjJy.png]
[assets.zyrosite.com/cdn-cgi/image/format=auto,w=382,h=240,fit=crop/A1aNq3n6wJhb26j3/retina-with-subretinal-structures-A0xbz6l1KkhL5BWv.78.delaye]
[assets.zyrosite.com/cdn-cgi/image/format=auto,w=162,h=152,fit=crop/A1aNq3n6wJhb26j3/retinal-diseases-AVLXZvnX7jhxV7pB.jpg]
[assets.zyrosite.com/cdn-cgi/image/format=auto,w=382,h=360,fit=crop/A1aNq3n6wJhb26j3/retinal-diseases-AVLXZvnX7jhxV7pB.jpg]
[www.myfamilyclinics.com/retina-clinic.html]
[www.myfamilyclinics.com/contact-details.html]
[assets.zyrosite.com/cdn-cgi/image/format=auto,w=816,h=448,fit=crop/A1aNq3n6wJhb26j3/squint-opd-mv0y4eO73ziMGEBq.png]
[assets.zyrosite.com/cdn-cgi/image/format=auto,w=382,h=210,fit=crop/A1aNq3n6wJhb26j3/squint-opd-mv0y4eO73ziMGEBq.png]
[www.myfamilyclinics.com/squint-and-orthoptics-clinic.html]
[assets.zyrosite.com/cdn-cgi/image/format=auto,w=392,h=432,fit=crop/A1aNq3n6wJhb26j3/dr-smita-kapoor-5bf6a839bd39c-modified-m7VgMj2683HJy5XR.80.d]
[assets.zyrosite.com/cdn-cgi/image/format=auto,w=382,h=421,fit=crop/A1aNq3n6wJhb26j3/dr-smita-kapoor-5bf6a839bd39c-modified-m7VgMj2683HJy5XR.81.d]
[assets.zyrosite.com/cdn-cgi/image/format=auto,w=600,h=304,fit=crop/AwvvXODQbRuPooMZ/img-AR00yKQNOxTl358Y.png]
[assets.zyrosite.com/cdn-cgi/image/format=auto,w=382,h=194,fit=crop/AwvvXODQbRuPooMZ/img-AR00yKQNOxTl358Y.png]
[www.myfamilyclinics.com/uvea-clinic.html]
[assets.zyrosite.com/cdn-cgi/image/format=auto,w=184,h=188,fit=crop/AwvvXODQbRuPooMZ/Patient_and_tonometer-mePP5E53MJTEV9l7.jpg]
[assets.zyrosite.com/cdn-cgi/image/format=auto,w=184,h=120,fit=crop/AwvvXODQbRuPooMZ/OCT-VFA-mePP5EX46BUOXVEG.jpg]
[assets.zyrosite.com/cdn-cgi/image/format=auto,w=184,h=184,fit=crop/AwvvXODQbRuPooMZ/strabismus-YbNNnLGNGaHDEWrJ.jpg]
[assets.zyrosite.com/cdn-cgi/image/format=auto,w=600,h=368,fit=crop/AwvvXODQbRuPooMZ/img-AR00yKQNOxTl358Y.png]
[assets.zyrosite.com/cdn-cgi/image/format=auto,w=382,h=234,fit=crop/AwvvXODQbRuPooMZ/img-AR00yKQNOxTl358Y.png]
[www.myfamilyclinics.com/-my-eye-clinic-hindi.html]
[assets.zyrosite.com/cdn-cgi/image/format=auto,w=204,h=192,fit=crop/AwvvXODQbRuPooMZ/OIP-modified-mv00LDobQ7hzX5xx.png]
[assets.zyrosite.com/cdn-cgi/image/format=auto,w=204,h=192,fit=crop/AwvvXODQbRuPooMZ/doctor-with-a-stethoscope-modified-YleenvZbDpIQVEwQ.89.delay]
[assets.zyrosite.com/cdn-cgi/image/format=auto,w=382,h=360,fit=crop/AwvvXODQbRuPooMZ/doctor-with-a-stethoscope-modified-YleenvZbDpIQVEwQ.8a.delay]
[assets.zyrosite.com/cdn-cgi/image/format=auto,w=382,h=360,fit=crop/AwvvXODQbRuPooMZ/OIP-modified-mv00LDobQ7hzX5xx.png]
[assets.zyrosite.com/cdn-cgi/image/format=auto,w=204,h=192,fit=crop/AwvvXODQbRuPooMZ/vaccination-modified-AR00eyqWZ2cxG9B5.png]
[assets.zyrosite.com/cdn-cgi/image/format=auto,w=382,h=360,fit=crop/AwvvXODQbRuPooMZ/vaccination-modified-AR00eyqWZ2cxG9B5.png]
[assets.zyrosite.com/AwvvXODQbRuPooMZ/physician-gif-dJool6qPbxFVbpX6.gif]
[assets.zyrosite.com/AwvvXODQbRuPooMZ/nursing-gif-AwvvOMG89KCJv3kP.gif]
[assets.zyrosite.com/cdn-cgi/image/format=auto,w=204,h=192,fit=crop/AwvvXODQbRuPooMZ/img-AE00EozWxpsozeZ5.png]
[assets.zyrosite.com/cdn-cgi/image/format=auto,w=382,h=360,fit=crop/AwvvXODQbRuPooMZ/img-AE00EozWxpsozeZ5.png]
[www.myfamilyclinics.com/my-physicians-clinic.html]
[assets.zyrosite.com/cdn-cgi/image/format=auto,w=612,h=384,fit=crop/AwvvXODQbRuPooMZ/prevalence-hypertension-aug-A1aabz2OnGf1Wkr5.png]
[assets.zyrosite.com/cdn-cgi/image/format=auto,w=382,h=240,fit=crop/AwvvXODQbRuPooMZ/prevalence-hypertension-aug-A1aabz2OnGf1Wkr5.png]
[assets.zyrosite.com/AwvvXODQbRuPooMZ/img-mnllQP4OrjU1ZLaO.gif]
[www.myfamilyclinics.com/my-hypertension-bp-ht-clinic.html]
[assets.zyrosite.com/cdn-cgi/image/format=auto,w=102,h=128,fit=crop/AwvvXODQbRuPooMZ/img-AE00EozWxpsozeZ5.png]
[assets.zyrosite.com/cdn-cgi/image/format=auto,w=382,h=479,fit=crop/AwvvXODQbRuPooMZ/img-AE00EozWxpsozeZ5.png]
[www.myfamilyclinics.com/my-diabetes-sugar-clinic.html]
[assets.zyrosite.com/cdn-cgi/image/format=auto,w=204,h=128,fit=crop/AwvvXODQbRuPooMZ/vaccination-modified-AR00eyqWZ2cxG9B5.png]
[assets.zyrosite.com/cdn-cgi/image/format=auto,w=382,h=240,fit=crop/AwvvXODQbRuPooMZ/vaccination-modified-AR00eyqWZ2cxG9B5.png]
[assets.zyrosite.com/cdn-cgi/image/format=auto,w=612,h=384,fit=crop/AwvvXODQbRuPooMZ/img-AR00yKQNOxTl358Y.png]
[assets.zyrosite.com/cdn-cgi/image/format=auto,w=382,h=240,fit=crop/AwvvXODQbRuPooMZ/img-AR00yKQNOxTl358Y.png]
[www.myfamilyclinics.com/my-vaccination-center.html]
[www.myfamilyclinics.com/home-visits-healing-at-home.html]
[assets.zyrosite.com/cdn-cgi/image/format=auto,w=612,h=896,fit=crop/AwvvXODQbRuPooMZ/SMILE-YOU-ARE-WITH-US-NOW-AR00jkNjvLiXkDwr.png]
[assets.zyrosite.com/cdn-cgi/image/format=auto,w=382,h=559,fit=crop/AwvvXODQbRuPooMZ/SMILE-YOU-ARE-WITH-US-NOW-AR00jkNjvLiXkDwr.png]
[www.myfamilyclinics.com/my-dental-clinic.html]
[assets.zyrosite.com/cdn-cgi/image/format=auto,w=102,h=128,fit=crop/AwvvXODQbRuPooMZ/homeopathy-modified-A0xx3wQ96DTjoa78.png]
[assets.zyrosite.com/cdn-cgi/image/format=auto,w=382,h=479,fit=crop/AwvvXODQbRuPooMZ/homeopathy-modified-A0xx3wQ96DTjoa78.png]
[assets.zyrosite.com/cdn-cgi/image/format=auto,w=714,h=192,fit=crop/AwvvXODQbRuPooMZ/img-AR00yKQNOxTl358Y.png]
[assets.zyrosite.com/cdn-cgi/image/format=auto,w=382,h=103,fit=crop/AwvvXODQbRuPooMZ/img-AR00yKQNOxTl358Y.png]
[www.myfamilyclinics.com/my-homeopathy-clinic.html]
[assets.zyrosite.com/cdn-cgi/image/format=auto,w=600,h=560,fit=crop/A1aNq3n6wJhb26j3/psychological-consultation-Yg2XOy1gWeH9EPeV.jpg]
[assets.zyrosite.com/cdn-cgi/image/format=auto,w=382,h=357,fit=crop/A1aNq3n6wJhb26j3/psychological-consultation-Yg2XOy1gWeH9EPeV.jpg]
[www.myfamilyclinics.com/my-psychologist.html]
[assets.zyrosite.com/cdn-cgi/image/format=auto,w=392,h=432,fit=crop/A1aNq3n6wJhb26j3/growth-mk3MgBQwzwTZDBom.jpg]
[assets.zyrosite.com/cdn-cgi/image/format=auto,w=382,h=421,fit=crop/A1aNq3n6wJhb26j3/growth-mk3MgBQwzwTZDBom.jpg]
[www.myfamilyclinics.com/careers.html]
[www.myfamilyclinics.com/my-family-clinics.html]
[assets.zyrosite.com/AwvvXODQbRuPooMZ/MFC-AzGGpo0gPyH599jL.gif]
[assets.zyrosite.com/AwvvXODQbRuPooMZ/eye-gif-YX44JvKgzBh0wr2a.gif]
[assets.zyrosite.com/AwvvXODQbRuPooMZ/dental-YX44kj3l0vt04Lll.gif]
[assets.zyrosite.com/AwvvXODQbRuPooMZ/physician-gif-AzGGp2vQrotq2962.gif]
[assets.zyrosite.com/AwvvXODQbRuPooMZ/flu-dOqq5RLlBjc00rJ2.gif]
[assets.zyrosite.com/AwvvXODQbRuPooMZ/img-m6LL8jNbqKuBGnZ3.gif]
[www.myfamilyclinics.com/photo-1436262513933-a0b06755c7846473.html]
[www.myfamilyclinics.com/photo-1509114397022-ed747cca3f656473.html]
[www.myfamilyclinics.com/photo-1606937493279-1961d60f11646473.html]
[www.myfamilyclinics.com/contact-details.html]
[assets.zyrosite.com/AwvvXODQbRuPooMZ/physician-gif-dJool6qPbxFVbpX6.gif]
[assets.zyrosite.com/AwvvXODQbRuPooMZ/nursing-gif-AwvvOMG89KCJv3kP.gif]
[assets.zyrosite.com/AwvvXODQbRuPooMZ/img-mnllQP4OrjU1ZLaO.gif]
